[INFO: 08/04/2025 03:10:19 AM] SQUADS! Top Squads Status:
[INFO: 08/04/2025 03:10:19 AM] #1 Squad [K] with 12,065pts controlling 15 banners
[INFO: 08/04/2025 03:10:19 AM]    âžœ smartnarts, sensiry, yo_wattup
[INFO: 08/04/2025 03:10:19 AM] #2 Squad [G] with 10,855pts controlling 11 banners
[INFO: 08/04/2025 03:10:19 AM]    âžœ PitFriendly, KingWub, Refraction__
[INFO: 08/04/2025 03:10:19 AM] #3 Squad [C] with 9,486pts controlling 15 banners
[INFO: 08/04/2025 03:10:19 AM]    âžœ Defer1anteDeCaca, Quays, Thaaat
[INFO: 08/04/2025 03:10:21 AM] SQUADS! DEATH! [4] NuggetInABucket RIP.
[INFO: 08/04/2025 03:10:21 AM] SQUADS! [4] NuggetInABucket left your squad! (2 left)
[INFO: 08/04/2025 03:10:22 AM] Â§e[Â§eÂ§eVIIIÂ§e-Â§bÂ§l120Â§e] Â§7[Â§dRÂ§7] Â§b[MVPÂ§c+Â§b] BlobloonÂ§f: :(
[INFO: 08/04/2025 03:10:31 AM] Â§d[Â§eÂ§eXXVÂ§d-Â§bÂ§l120Â§d] Â§eâœ¬ Â§7[Â§6KÂ§7] Â§b[MVPÂ§c+Â§b] smartnartsÂ§f: told u 3 times
[INFO: 08/04/2025 03:10:32 AM] Â§d[Â§eÂ§eXXVÂ§d-Â§bÂ§l120Â§d] Â§eâœ¬ Â§7[Â§6KÂ§7] Â§b[MVPÂ§c+Â§b] smartnartsÂ§f: mate
[INFO: 08/04/2025 03:10:34 AM] SQUADS! +BANNER! by [120] TheMajesticSiud in Farms!
[INFO: 08/04/2025 03:10:39 AM] SQUADS! Top Squads Status:
[INFO: 08/04/2025 03:10:39 AM] #1 Squad [K] with 13,325pts controlling 18 banners
[INFO: 08/04/2025 03:10:39 AM]    âžœ smartnarts, sensiry, yo_wattup
[INFO: 08/04/2025 03:10:39 AM] #2 Squad [G] with 11,721pts controlling 14 banners
[INFO: 08/04/2025 03:10:39 AM]    âžœ PitFriendly, KingWub, Refraction__
[INFO: 08/04/2025 03:10:39 AM] #3 Squad [C] with 10,656pts controlling 16 banners
[INFO: 08/04/2025 03:10:39 AM]    âžœ Defer1anteDeCaca, Quays, Thaaat
[INFO: 08/04/2025 03:10:43 AM] Â§cÂ§lDEATH! Â§7by Â§9[Â§cÂ§l78Â§9] Â§aThaaat Â§eÂ§lVIEW RECAP
[INFO: 08/04/2025 03:10:45 AM] Â§e[Â§eÂ§eVIIIÂ§e-Â§bÂ§l120Â§e] Â§7[Â§dRÂ§7] Â§b[MVPÂ§c+Â§b] BlobloonÂ§f: didnt see
[INFO: 08/04/2025 03:10:52 AM] SQUADS! -BANNER! stolen by [C] squad in Farms!
[INFO: 08/04/2025 03:10:56 AM] Â§cÂ§lDEATH! Â§7by Â§9[Â§cÂ§l78Â§9] Â§aThaaat Â§eÂ§lVIEW RECAP
[INFO: 08/04/2025 03:10:57 AM] Â§d[Â§eÂ§eXXVÂ§d-Â§bÂ§l120Â§d] Â§eâœ¬ Â§7[Â§6KÂ§7] Â§b[MVPÂ§c+Â§b] smartnartsÂ§f: my actions should be obvious enough
[INFO: 08/04/2025 03:10:59 AM] SQUADS! Top Squads Status:
[INFO: 08/04/2025 03:10:59 AM] #1 Squad [K] with 14,780pts controlling 21 banners
[INFO: 08/04/2025 03:10:59 AM]    âžœ smartnarts, sensiry, yo_wattup
[INFO: 08/04/2025 03:10:59 AM] #2 Squad [G] with 12,807pts controlling 15 banners
[INFO: 08/04/2025 03:10:59 AM]    âžœ PitFriendly, KingWub, Refraction__
[INFO: 08/04/2025 03:10:59 AM] #3 Squad [C] with 11,877pts controlling 16 banners
[INFO: 08/04/2025 03:10:59 AM]    âžœ Defer1anteDeCaca, Quays, Thaaat
[INFO: 08/04/2025 03:11:05 AM] ----------------------
[INFO: 08/04/2025 03:11:05 AM] Â§6Â§lPIT EVENT ENDED: Â§bÂ§lSQUADS Â§7[Â§eÂ§lINFOÂ§7]
[INFO: 08/04/2025 03:11:05 AM] Â§6Â§lYour rewards: Â§6+Â§6100g
[INFO: 08/04/2025 03:11:05 AM] Personal Bonus: FAILED! only 0/8 kills and 1/5 banners
[INFO: 08/04/2025 03:11:05 AM] Your squad: Squad [V] scored 179pts (ranked #21)
[INFO: 08/04/2025 03:11:05 AM] Top squads:
[INFO: 08/04/2025 03:11:05 AM]  #1 [K] 15,237pts (smartnarts, sensiry, yo_wattup)
[INFO: 08/04/2025 03:11:05 AM]  #2 [G] 13,125pts (PitFriendly, KingWub, Refraction__)
[INFO: 08/04/2025 03:11:05 AM]  #3 [C] 12,234pts (Defer1anteDeCaca, Quays, Thaaat)
[INFO: 08/04/2025 03:11:05 AM] ----------------------
[INFO: 08/04/2025 03:11:09 AM] Â§e[Â§eÂ§eIXÂ§e-Â§5Â§l99Â§e] Â§a[VIPÂ§6+Â§a] Plqsmq_Â§f: ******** Refraction__
[INFO: 08/04/2025 03:11:10 AM] Â§6[Â§eÂ§eXÂ§6-Â§cÂ§l74Â§6] Â§eâœ¬ Â§6[MVPÂ§9++Â§6] Refraction__Â§f: g
[INFO: 08/04/2025 03:11:12 AM] Â§eÂ§lGG! Â§73 players said gg for the event! Â§7[Â§eÂ§lLISTÂ§7]
[INFO: 08/04/2025 03:11:13 AM] BOUNTY CLAIMED! [110] Sckurf_Cade killed [56] ByColin__ for 50g
[INFO: 08/04/2025 03:11:16 AM] Â§9[Â§eÂ§eIVÂ§9-Â§fÂ§l118Â§9] Â§b[MVP] ArcadeTitanÂ§f: Buying 10v for 50k gold
[INFO: 08/04/2025 03:11:30 AM] BOUNTY! bump 300g on [77] Quays for high streak
[INFO: 08/04/2025 03:11:36 AM] Â§aÂ§lKILL! Â§7on Â§6[Â§5Â§l94Â§6] Â§amanga_boss Â§b+20XP Â§6+Â§622.80g
[INFO: 08/04/2025 03:11:36 AM] BOUNTY! bump 300g on [96] Smirls for high streak
[INFO: 08/04/2025 03:11:42 AM] Â§aÂ§lKILL! Â§7on Â§9[Â§cÂ§l79Â§9] Â§bShmazit Â§b+20XP Â§6+Â§624.00g
[INFO: 08/04/2025 03:11:44 AM] GOLD PICKUP! from the ground 2.40g
[INFO: 08/04/2025 03:11:49 AM] STREAK! of 90 kills by [82] gnlololololol
[INFO: 08/04/2025 03:11:49 AM] BOUNTY! bump 300g on [82] gnlololololol for high streak
[INFO: 08/04/2025 03:11:49 AM] STREAK! of 5 kills by [92] sensiry
[INFO: 08/04/2025 03:11:55 AM] Â§1[Â§eÂ§eXLÂ§1-Â§5Â§l91Â§1] Â§eâœ¬ Â§6[MVPÂ§2++Â§6] PindostanÂ§f: Icysol
[INFO: 08/04/2025 03:11:57 AM] Â§1[Â§eÂ§eXLÂ§1-Â§5Â§l91Â§1] Â§eâœ¬ Â§6[MVPÂ§2++Â§6] PindostanÂ§f: pay for truce
[INFO: 08/04/2025 03:11:58 AM] BOUNTY CLAIMED! [65] MikiEndery123 killed [79] Quays for 3,000g
[INFO: 08/04/2025 03:11:59 AM] STREAK! of 5 kills by [89] KingWub
[INFO: 08/04/2025 03:11:59 AM] Â§cÂ§lDEATH! Â§7by Â§c[Â§4Â§l89Â§c] Â§bKingWub Â§eÂ§lVIEW RECAP
[INFO: 08/04/2025 03:12:01 AM] Â§1[Â§eÂ§eXLÂ§1-Â§5Â§l91Â§1] Â§eâœ¬ Â§6[MVPÂ§2++Â§6] PindostanÂ§f: before it's too late
[INFO: 08/04/2025 03:12:02 AM] Â§9[Â§eÂ§eIVÂ§9-Â§fÂ§l118Â§9] Â§eâœ¬ Â§6[MVPÂ§e++Â§6] anakinpersÂ§f: 7events
[INFO: 08/04/2025 03:12:03 AM] BOUNTY! of 200g on [80] Thaaat for high streak
[INFO: 08/04/2025 03:12:11 AM] Â§7[Â§5Â§l92Â§7] Â§7sensiryÂ§7: Icysol dont, he needs vile to pay someone else for truce
[INFO: 08/04/2025 03:12:12 AM] Â§cÂ§lDEATH! Â§7by Â§6[Â§5Â§l94Â§6] Â§amanga_boss Â§eÂ§lVIEW RECAP
[INFO: 08/04/2025 03:12:13 AM] STREAK! of 30 kills by [80] Thaaat
[INFO: 08/04/2025 03:12:18 AM] Â§7[Â§5Â§l92Â§7] Â§7sensiryÂ§7: he also decided not to pay the extra 1v
[INFO: 08/04/2025 03:12:19 AM] BOUNTY! bump 300g on [82] gnlololololol for high streak
[INFO: 08/04/2025 03:12:21 AM] Â§aÂ§lKILL! Â§7on Â§7[Â§e50Â§7] Â§7Artyom013 Â§b+20XP Â§6+Â§622.80g
[INFO: 08/04/2025 03:12:23 AM] Â§aÂ§lSHOWOFF! Â§6[Â§cÂ§l74Â§6] Â§6Refraction__ Â§7has: Â§aTier I Green Pants
[INFO: 08/04/2025 03:12:23 AM] STREAK! of 5 kills by [70] yo_wattup
[INFO: 08/04/2025 03:12:26 AM] Â§6[Â§eÂ§eXÂ§6-Â§cÂ§l74Â§6] Â§eâœ¬ Â§6[MVPÂ§9++Â§6] Refraction__Â§f: selling 1.75stx /p me
[INFO: 08/04/2025 03:12:29 AM] Â§cÂ§lDEATH! Â§7by Â§e[Â§cÂ§l70Â§e] Â§ayo_wattup Â§eÂ§lVIEW RECAP
[INFO: 08/04/2025 03:12:29 AM] Â§aÂ§lASSIST! Â§743% on Â§7[Â§e53Â§7] Â§7armadillos_ Â§b+4XP Â§6+Â§65.96g
[INFO: 08/04/2025 03:12:30 AM] Â§9[Â§eÂ§eIIIÂ§9-Â§fÂ§l116Â§9] Â§b[MVPÂ§a+Â§b] E4x3Â§f: selling rgm3 /p me
[INFO: 08/04/2025 03:12:30 AM] STREAK! of 10 kills by [70] yo_wattup
[INFO: 08/04/2025 03:12:33 AM] EXECUTED! by yo_wattup (insta-kill below 2â\udc9d¤)
[INFO: 08/04/2025 03:12:33 AM] Â§cÂ§lDEATH! Â§7by Â§e[Â§cÂ§l70Â§e] Â§ayo_wattup Â§eÂ§lVIEW RECAP
[INFO: 08/04/2025 03:12:34 AM] Â§c[Â§eÂ§eXVIIÂ§c-Â§4Â§l89Â§c] Â§b[MVPÂ§c+Â§b] KingWubÂ§f: hello non
[INFO: 08/04/2025 03:12:40 AM] Removed job: [1] testing\chat_test
